 Image django-fastapi-go-benchmark-golang Building 
#1 [internal] load local bake definitions
#1 reading from stdin 628B done
#1 DONE 0.0s

#2 [internal] load build definition from Dockerfile
#2 transferring dockerfile: 316B done
#2 DONE 0.0s

#3 [internal] load metadata for docker.io/library/golang:1.24-bookworm
#3 DONE 0.0s

#4 [internal] load metadata for docker.io/library/debian:bookworm-slim
#4 DONE 1.3s

#5 [internal] load .dockerignore
#5 transferring context: 2B done
#5 DONE 0.0s

#6 [stage-1 1/3] FROM docker.io/library/debian:bookworm-slim@sha256:88200866dfff7ea7f5cbcb6ec7c8a701889efe6fe859fe64d6990e4b07ea4171
#6 resolve docker.io/library/debian:bookworm-slim@sha256:88200866dfff7ea7f5cbcb6ec7c8a701889efe6fe859fe64d6990e4b07ea4171 0.0s done
#6 DONE 0.0s

#7 [stage-1 2/3] WORKDIR /app
#7 CACHED

#8 [builder 1/6] FROM docker.io/library/golang:1.24-bookworm@sha256:1a6d4452c65dea36aac2e2d606b01b4a029ec90cc1ae53890540ce6173ea77ac
#8 resolve docker.io/library/golang:1.24-bookworm@sha256:1a6d4452c65dea36aac2e2d606b01b4a029ec90cc1ae53890540ce6173ea77ac 0.0s done
#8 DONE 0.0s

#9 [builder 2/6] WORKDIR /app
#9 CACHED

#10 [internal] load build context
#10 transferring context: 18.55MB 0.1s done
#10 DONE 0.1s

#11 [builder 3/6] COPY go.mod ./
#11 DONE 0.0s

#12 [builder 4/6] RUN go mod download
#12 DONE 24.1s

#13 [builder 5/6] COPY . .
#13 DONE 0.1s

#14 [builder 6/6] RUN go build     -trimpath     -ldflags="-s -w"     -o /server .
#14 DONE 6.4s

#15 [stage-1 3/3] COPY --from=builder /server /server
#15 DONE 0.1s

#16 exporting to image
#16 exporting layers
#16 exporting layers 0.5s done
#16 exporting manifest sha256:761ce00fc0f26993a5719f05c974398d98962aa43405754093e536b956dff41a 0.0s done
#16 exporting config sha256:49c477c2245abe72d66bc13f958a83473c6c7818b3a5d38f6fb80c0560660082 0.0s done
#16 exporting attestation manifest sha256:19aaf2703fe7f85f9898a187717c76dc8f3db5c830933090a016592b5201f684 0.0s done
#16 exporting manifest list sha256:19958191db4f88a17f57721749a599bfdac1c9ac15692ef7c35897506665ae55 0.0s done
#16 naming to docker.io/library/django-fastapi-go-benchmark-golang:latest
#16 naming to docker.io/library/django-fastapi-go-benchmark-golang:latest done
#16 unpacking to docker.io/library/django-fastapi-go-benchmark-golang:latest 0.1s done
#16 DONE 0.7s

#17 resolving provenance for metadata file
#17 DONE 0.0s
 Image django-fastapi-go-benchmark-golang Built 
